<?xml version="1.0"?>
<link_info>
   <banner>TMS320C55x Linker PC v4.4.1</banner>
   <copyright>Copyright (c) 1996-2012 Texas Instruments Incorporated</copyright>
   <link_time>0x5abb68a4</link_time>
   <output_file>EQ.out</output_file>
   <entry_point>
      <name>_c_int00</name>
      <address>0x28ca8</address>
   </entry_point>
   <input_file_list>
      <input_file id="fl-2">
         <path>.\</path>
         <kind>object</kind>
         <file>aic3204.obj</file>
         <name>aic3204.obj</name>
      </input_file>
      <input_file id="fl-3">
         <path>.\</path>
         <kind>object</kind>
         <file>aic3204_init.obj</file>
         <name>aic3204_init.obj</name>
      </input_file>
      <input_file id="fl-4">
         <path>.\</path>
         <kind>object</kind>
         <file>ezdsp5535_aic3204_dma.obj</file>
         <name>ezdsp5535_aic3204_dma.obj</name>
      </input_file>
      <input_file id="fl-5">
         <path>.\</path>
         <kind>object</kind>
         <file>iir.obj</file>
         <name>iir.obj</name>
      </input_file>
      <input_file id="fl-6">
         <path>.\</path>
         <kind>object</kind>
         <file>main.obj</file>
         <name>main.obj</name>
      </input_file>
      <input_file id="fl-7">
         <path>.\</path>
         <kind>object</kind>
         <file>print_number.obj</file>
         <name>print_number.obj</name>
      </input_file>
      <input_file id="fl-8">
         <path>.\</path>
         <kind>object</kind>
         <file>processing.obj</file>
         <name>processing.obj</name>
      </input_file>
      <input_file id="fl-11">
         <path>..\lib\</path>
         <kind>archive</kind>
         <file>ezdsp5535bsl.lib</file>
         <name>ezdsp5535_sar.obj</name>
      </input_file>
      <input_file id="fl-12">
         <path>..\lib\</path>
         <kind>archive</kind>
         <file>ezdsp5535bsl.lib</file>
         <name>ezdsp5535_lcd.obj</name>
      </input_file>
      <input_file id="fl-13">
         <path>..\lib\</path>
         <kind>archive</kind>
         <file>ezdsp5535bsl.lib</file>
         <name>ezdsp5535_i2s.obj</name>
      </input_file>
      <input_file id="fl-14">
         <path>..\lib\</path>
         <kind>archive</kind>
         <file>ezdsp5535bsl.lib</file>
         <name>ezdsp5535_i2c.obj</name>
      </input_file>
      <input_file id="fl-15">
         <path>..\lib\</path>
         <kind>archive</kind>
         <file>ezdsp5535bsl.lib</file>
         <name>ezdsp5535_gpio.obj</name>
      </input_file>
      <input_file id="fl-16">
         <path>..\lib\</path>
         <kind>archive</kind>
         <file>ezdsp5535bsl.lib</file>
         <name>ezdsp5535.obj</name>
      </input_file>
      <input_file id="fl-17">
         <path>..\c55xx_csl\lib\</path>
         <kind>archive</kind>
         <file>cslVC5505.lib</file>
         <name>vectors.obj</name>
      </input_file>
      <input_file id="fl-18">
         <path>..\c55xx_csl\lib\</path>
         <kind>archive</kind>
         <file>cslVC5505.lib</file>
         <name>csl_sar.obj</name>
      </input_file>
      <input_file id="fl-19">
         <path>..\c55xx_csl\lib\</path>
         <kind>archive</kind>
         <file>cslVC5505.lib</file>
         <name>csl_irqplug.obj</name>
      </input_file>
      <input_file id="fl-1a">
         <path>..\c55xx_csl\lib\</path>
         <kind>archive</kind>
         <file>cslVC5505.lib</file>
         <name>csl_intc.obj</name>
      </input_file>
      <input_file id="fl-1b">
         <path>..\c55xx_csl\lib\</path>
         <kind>archive</kind>
         <file>cslVC5505.lib</file>
         <name>csl_i2s.obj</name>
      </input_file>
      <input_file id="fl-1c">
         <path>..\c55xx_csl\lib\</path>
         <kind>archive</kind>
         <file>cslVC5505.lib</file>
         <name>csl_i2c.obj</name>
      </input_file>
      <input_file id="fl-1d">
         <path>..\c55xx_csl\lib\</path>
         <kind>archive</kind>
         <file>cslVC5505.lib</file>
         <name>csl_gpio.obj</name>
      </input_file>
      <input_file id="fl-1e">
         <path>C:\ti\ccsv6\tools\compiler\c5500_4.4.1\lib\</path>
         <kind>archive</kind>
         <file>rts55x.lib</file>
         <name>addd.obj</name>
      </input_file>
      <input_file id="fl-1f">
         <path>C:\ti\ccsv6\tools\compiler\c5500_4.4.1\lib\</path>
         <kind>archive</kind>
         <file>rts55x.lib</file>
         <name>boot.obj</name>
      </input_file>
      <input_file id="fl-20">
         <path>C:\ti\ccsv6\tools\compiler\c5500_4.4.1\lib\</path>
         <kind>archive</kind>
         <file>rts55x.lib</file>
         <name>divd.obj</name>
      </input_file>
      <input_file id="fl-21">
         <path>C:\ti\ccsv6\tools\compiler\c5500_4.4.1\lib\</path>
         <kind>archive</kind>
         <file>rts55x.lib</file>
         <name>divul.obj</name>
      </input_file>
      <input_file id="fl-22">
         <path>C:\ti\ccsv6\tools\compiler\c5500_4.4.1\lib\</path>
         <kind>archive</kind>
         <file>rts55x.lib</file>
         <name>exit.obj</name>
      </input_file>
      <input_file id="fl-23">
         <path>C:\ti\ccsv6\tools\compiler\c5500_4.4.1\lib\</path>
         <kind>archive</kind>
         <file>rts55x.lib</file>
         <name>fixdi.obj</name>
      </input_file>
      <input_file id="fl-24">
         <path>C:\ti\ccsv6\tools\compiler\c5500_4.4.1\lib\</path>
         <kind>archive</kind>
         <file>rts55x.lib</file>
         <name>fixdli.obj</name>
      </input_file>
      <input_file id="fl-25">
         <path>C:\ti\ccsv6\tools\compiler\c5500_4.4.1\lib\</path>
         <kind>archive</kind>
         <file>rts55x.lib</file>
         <name>frcmpyd_div.obj</name>
      </input_file>
      <input_file id="fl-26">
         <path>C:\ti\ccsv6\tools\compiler\c5500_4.4.1\lib\</path>
         <kind>archive</kind>
         <file>rts55x.lib</file>
         <name>idiv.obj</name>
      </input_file>
      <input_file id="fl-27">
         <path>C:\ti\ccsv6\tools\compiler\c5500_4.4.1\lib\</path>
         <kind>archive</kind>
         <file>rts55x.lib</file>
         <name>lmpy.obj</name>
      </input_file>
      <input_file id="fl-28">
         <path>C:\ti\ccsv6\tools\compiler\c5500_4.4.1\lib\</path>
         <kind>archive</kind>
         <file>rts55x.lib</file>
         <name>memset.obj</name>
      </input_file>
      <input_file id="fl-29">
         <path>C:\ti\ccsv6\tools\compiler\c5500_4.4.1\lib\</path>
         <kind>archive</kind>
         <file>rts55x.lib</file>
         <name>mpyd.obj</name>
      </input_file>
      <input_file id="fl-2a">
         <path>C:\ti\ccsv6\tools\compiler\c5500_4.4.1\lib\</path>
         <kind>archive</kind>
         <file>rts55x.lib</file>
         <name>negd.obj</name>
      </input_file>
      <input_file id="fl-2b">
         <path>C:\ti\ccsv6\tools\compiler\c5500_4.4.1\lib\</path>
         <kind>archive</kind>
         <file>rts55x.lib</file>
         <name>printf.obj</name>
      </input_file>
      <input_file id="fl-2c">
         <path>C:\ti\ccsv6\tools\compiler\c5500_4.4.1\lib\</path>
         <kind>archive</kind>
         <file>rts55x.lib</file>
         <name>remul.obj</name>
      </input_file>
      <input_file id="fl-2d">
         <path>C:\ti\ccsv6\tools\compiler\c5500_4.4.1\lib\</path>
         <kind>archive</kind>
         <file>rts55x.lib</file>
         <name>vectors.obj</name>
      </input_file>
      <input_file id="fl-2e">
         <path>C:\ti\ccsv6\tools\compiler\c5500_4.4.1\lib\</path>
         <kind>archive</kind>
         <file>rts55x.lib</file>
         <name>_lock.obj</name>
      </input_file>
      <input_file id="fl-2f">
         <path>C:\ti\ccsv6\tools\compiler\c5500_4.4.1\lib\</path>
         <kind>archive</kind>
         <file>rts55x.lib</file>
         <name>_printfi.obj</name>
      </input_file>
      <input_file id="fl-30">
         <path>C:\ti\ccsv6\tools\compiler\c5500_4.4.1\lib\</path>
         <kind>archive</kind>
         <file>rts55x.lib</file>
         <name>args_main.obj</name>
      </input_file>
      <input_file id="fl-31">
         <path>C:\ti\ccsv6\tools\compiler\c5500_4.4.1\lib\</path>
         <kind>archive</kind>
         <file>rts55x.lib</file>
         <name>atoi.obj</name>
      </input_file>
      <input_file id="fl-32">
         <path>C:\ti\ccsv6\tools\compiler\c5500_4.4.1\lib\</path>
         <kind>archive</kind>
         <file>rts55x.lib</file>
         <name>autoinit.obj</name>
      </input_file>
      <input_file id="fl-33">
         <path>C:\ti\ccsv6\tools\compiler\c5500_4.4.1\lib\</path>
         <kind>archive</kind>
         <file>rts55x.lib</file>
         <name>cmpd.obj</name>
      </input_file>
      <input_file id="fl-34">
         <path>C:\ti\ccsv6\tools\compiler\c5500_4.4.1\lib\</path>
         <kind>archive</kind>
         <file>rts55x.lib</file>
         <name>ctype.obj</name>
      </input_file>
      <input_file id="fl-35">
         <path>C:\ti\ccsv6\tools\compiler\c5500_4.4.1\lib\</path>
         <kind>archive</kind>
         <file>rts55x.lib</file>
         <name>defs.obj</name>
      </input_file>
      <input_file id="fl-36">
         <path>C:\ti\ccsv6\tools\compiler\c5500_4.4.1\lib\</path>
         <kind>archive</kind>
         <file>rts55x.lib</file>
         <name>fltlid.obj</name>
      </input_file>
      <input_file id="fl-37">
         <path>C:\ti\ccsv6\tools\compiler\c5500_4.4.1\lib\</path>
         <kind>archive</kind>
         <file>rts55x.lib</file>
         <name>fputc.obj</name>
      </input_file>
      <input_file id="fl-38">
         <path>C:\ti\ccsv6\tools\compiler\c5500_4.4.1\lib\</path>
         <kind>archive</kind>
         <file>rts55x.lib</file>
         <name>fputs.obj</name>
      </input_file>
      <input_file id="fl-39">
         <path>C:\ti\ccsv6\tools\compiler\c5500_4.4.1\lib\</path>
         <kind>archive</kind>
         <file>rts55x.lib</file>
         <name>frcmpyd.obj</name>
      </input_file>
      <input_file id="fl-3a">
         <path>C:\ti\ccsv6\tools\compiler\c5500_4.4.1\lib\</path>
         <kind>archive</kind>
         <file>rts55x.lib</file>
         <name>isinf.obj</name>
      </input_file>
      <input_file id="fl-3b">
         <path>C:\ti\ccsv6\tools\compiler\c5500_4.4.1\lib\</path>
         <kind>archive</kind>
         <file>rts55x.lib</file>
         <name>llmpy.obj</name>
      </input_file>
      <input_file id="fl-3c">
         <path>C:\ti\ccsv6\tools\compiler\c5500_4.4.1\lib\</path>
         <kind>archive</kind>
         <file>rts55x.lib</file>
         <name>lowlev.obj</name>
      </input_file>
      <input_file id="fl-3d">
         <path>C:\ti\ccsv6\tools\compiler\c5500_4.4.1\lib\</path>
         <kind>archive</kind>
         <file>rts55x.lib</file>
         <name>ltoa.obj</name>
      </input_file>
      <input_file id="fl-3e">
         <path>C:\ti\ccsv6\tools\compiler\c5500_4.4.1\lib\</path>
         <kind>archive</kind>
         <file>rts55x.lib</file>
         <name>memccpy.obj</name>
      </input_file>
      <input_file id="fl-3f">
         <path>C:\ti\ccsv6\tools\compiler\c5500_4.4.1\lib\</path>
         <kind>archive</kind>
         <file>rts55x.lib</file>
         <name>memcpy.obj</name>
      </input_file>
      <input_file id="fl-40">
         <path>C:\ti\ccsv6\tools\compiler\c5500_4.4.1\lib\</path>
         <kind>archive</kind>
         <file>rts55x.lib</file>
         <name>remli.obj</name>
      </input_file>
      <input_file id="fl-41">
         <path>C:\ti\ccsv6\tools\compiler\c5500_4.4.1\lib\</path>
         <kind>archive</kind>
         <file>rts55x.lib</file>
         <name>subd.obj</name>
      </input_file>
      <input_file id="fl-42">
         <path>C:\ti\ccsv6\tools\compiler\c5500_4.4.1\lib\</path>
         <kind>archive</kind>
         <file>rts55x.lib</file>
         <name>trgdrv.obj</name>
      </input_file>
      <input_file id="fl-43">
         <path>C:\ti\ccsv6\tools\compiler\c5500_4.4.1\lib\</path>
         <kind>archive</kind>
         <file>rts55x.lib</file>
         <name>trgmsg.obj</name>
      </input_file>
      <input_file id="fl-44">
         <path>C:\ti\ccsv6\tools\compiler\c5500_4.4.1\lib\</path>
         <kind>archive</kind>
         <file>rts55x.lib</file>
         <name>udiv.obj</name>
      </input_file>
      <input_file id="fl-45">
         <path>C:\ti\ccsv6\tools\compiler\c5500_4.4.1\lib\</path>
         <kind>archive</kind>
         <file>rts55x.lib</file>
         <name>_io_perm.obj</name>
      </input_file>
      <input_file id="fl-46">
         <path>C:\ti\ccsv6\tools\compiler\c5500_4.4.1\lib\</path>
         <kind>archive</kind>
         <file>rts55x.lib</file>
         <name>divli.obj</name>
      </input_file>
      <input_file id="fl-47">
         <path>C:\ti\ccsv6\tools\compiler\c5500_4.4.1\lib\</path>
         <kind>archive</kind>
         <file>rts55x.lib</file>
         <name>fflush.obj</name>
      </input_file>
      <input_file id="fl-48">
         <path>C:\ti\ccsv6\tools\compiler\c5500_4.4.1\lib\</path>
         <kind>archive</kind>
         <file>rts55x.lib</file>
         <name>fseek.obj</name>
      </input_file>
      <input_file id="fl-49">
         <path>C:\ti\ccsv6\tools\compiler\c5500_4.4.1\lib\</path>
         <kind>archive</kind>
         <file>rts55x.lib</file>
         <name>setvbuf.obj</name>
      </input_file>
      <input_file id="fl-4a">
         <path>C:\ti\ccsv6\tools\compiler\c5500_4.4.1\lib\</path>
         <kind>archive</kind>
         <file>rts55x.lib</file>
         <name>fopen.obj</name>
      </input_file>
      <input_file id="fl-4b">
         <path>C:\ti\ccsv6\tools\compiler\c5500_4.4.1\lib\</path>
         <kind>archive</kind>
         <file>rts55x.lib</file>
         <name>memory.obj</name>
      </input_file>
      <input_file id="fl-4c">
         <path>C:\ti\ccsv6\tools\compiler\c5500_4.4.1\lib\</path>
         <kind>archive</kind>
         <file>rts55x.lib</file>
         <name>fclose.obj</name>
      </input_file>
      <input_file id="fl-4d">
         <path>C:\ti\ccsv6\tools\compiler\c5500_4.4.1\lib\</path>
         <kind>archive</kind>
         <file>rts55x.lib</file>
         <name>remove.obj</name>
      </input_file>
   </input_file_list>
   <object_component_list>
      <object_component id="oc-d0">
         <name>.text</name>
         <load_address>0x20000</load_address>
         <run_address>0x20000</run_address>
         <size>0x15a4</size>
         <input_file_ref idref="fl-2f"/>
      </object_component>
      <object_component id="oc-7c">
         <name>.text</name>
         <load_address>0x215a4</load_address>
         <run_address>0x215a4</run_address>
         <size>0xc3c</size>
         <input_file_ref idref="fl-1c"/>
      </object_component>
      <object_component id="oc-66">
         <name>.text</name>
         <load_address>0x221e0</load_address>
         <run_address>0x221e0</run_address>
         <size>0xb18</size>
         <input_file_ref idref="fl-18"/>
      </object_component>
      <object_component id="oc-75">
         <name>.text</name>
         <load_address>0x22cf8</load_address>
         <run_address>0x22cf8</run_address>
         <size>0x9f3</size>
         <input_file_ref idref="fl-1b"/>
      </object_component>
      <object_component id="oc-2a">
         <name>.text</name>
         <load_address>0x236eb</load_address>
         <run_address>0x236eb</run_address>
         <size>0x7de</size>
         <input_file_ref idref="fl-6"/>
      </object_component>
      <object_component id="oc-82">
         <name>.text</name>
         <load_address>0x23ec9</load_address>
         <run_address>0x23ec9</run_address>
         <size>0x68d</size>
         <input_file_ref idref="fl-1d"/>
      </object_component>
      <object_component id="oc-18">
         <name>.text</name>
         <load_address>0x24556</load_address>
         <run_address>0x24556</run_address>
         <size>0x5b5</size>
         <input_file_ref idref="fl-3"/>
      </object_component>
      <object_component id="oc-6f">
         <name>.text</name>
         <load_address>0x24b0b</load_address>
         <run_address>0x24b0b</run_address>
         <size>0x554</size>
         <input_file_ref idref="fl-1a"/>
      </object_component>
      <object_component id="oc-106">
         <name>.text</name>
         <load_address>0x2505f</load_address>
         <run_address>0x2505f</run_address>
         <size>0x543</size>
         <input_file_ref idref="fl-3c"/>
      </object_component>
      <object_component id="oc-120">
         <name>.text</name>
         <load_address>0x255a2</load_address>
         <run_address>0x255a2</run_address>
         <size>0x528</size>
         <input_file_ref idref="fl-42"/>
      </object_component>
      <object_component id="oc-149">
         <name>.text</name>
         <load_address>0x25aca</load_address>
         <run_address>0x25aca</run_address>
         <size>0x4b5</size>
         <input_file_ref idref="fl-4b"/>
      </object_component>
      <object_component id="oc-8f">
         <name>.text</name>
         <load_address>0x25f7f</load_address>
         <run_address>0x25f7f</run_address>
         <size>0x3cc</size>
         <input_file_ref idref="fl-20"/>
      </object_component>
      <object_component id="oc-39">
         <name>.text</name>
         <load_address>0x2634b</load_address>
         <run_address>0x2634b</run_address>
         <size>0x365</size>
         <input_file_ref idref="fl-8"/>
      </object_component>
      <object_component id="oc-1e">
         <name>.text</name>
         <load_address>0x266b0</load_address>
         <run_address>0x266b0</run_address>
         <size>0x31b</size>
         <input_file_ref idref="fl-4"/>
      </object_component>
      <object_component id="oc-33">
         <name>.text</name>
         <load_address>0x269cb</load_address>
         <run_address>0x269cb</run_address>
         <size>0x2d2</size>
         <input_file_ref idref="fl-7"/>
      </object_component>
      <object_component id="oc-143">
         <name>.text</name>
         <load_address>0x26c9d</load_address>
         <run_address>0x26c9d</run_address>
         <size>0x27f</size>
         <input_file_ref idref="fl-4a"/>
      </object_component>
      <object_component id="oc-102">
         <name>.text</name>
         <load_address>0x26f1c</load_address>
         <run_address>0x26f1c</run_address>
         <size>0x25e</size>
         <input_file_ref idref="fl-3b"/>
      </object_component>
      <object_component id="oc-87">
         <name>.text</name>
         <load_address>0x2717a</load_address>
         <run_address>0x2717a</run_address>
         <size>0x25a</size>
         <input_file_ref idref="fl-1e"/>
      </object_component>
      <object_component id="oc-e2">
         <name>.text</name>
         <load_address>0x273d4</load_address>
         <run_address>0x273d4</run_address>
         <size>0x1ea</size>
         <input_file_ref idref="fl-33"/>
      </object_component>
      <object_component id="oc-46">
         <name>.text</name>
         <load_address>0x275be</load_address>
         <run_address>0x275be</run_address>
         <size>0x192</size>
         <input_file_ref idref="fl-12"/>
      </object_component>
      <object_component id="oc-3f">
         <name>.text</name>
         <load_address>0x27750</load_address>
         <run_address>0x27750</run_address>
         <size>0x17a</size>
         <input_file_ref idref="fl-11"/>
      </object_component>
      <object_component id="oc-f5">
         <name>.text</name>
         <load_address>0x278ca</load_address>
         <run_address>0x278ca</run_address>
         <size>0x163</size>
         <input_file_ref idref="fl-38"/>
      </object_component>
      <object_component id="oc-b6">
         <name>.text</name>
         <load_address>0x27a2d</load_address>
         <run_address>0x27a2d</run_address>
         <size>0x14c</size>
         <input_file_ref idref="fl-29"/>
      </object_component>
      <object_component id="oc-25">
         <name>.text</name>
         <load_address>0x27b79</load_address>
         <run_address>0x27b79</run_address>
         <size>0x120</size>
         <input_file_ref idref="fl-5"/>
      </object_component>
      <object_component id="oc-4b">
         <name>.text</name>
         <load_address>0x27c99</load_address>
         <run_address>0x27c99</run_address>
         <size>0x107</size>
         <input_file_ref idref="fl-13"/>
      </object_component>
      <object_component id="oc-13f">
         <name>.text</name>
         <load_address>0x27da0</load_address>
         <run_address>0x27da0</run_address>
         <size>0xe6</size>
         <input_file_ref idref="fl-49"/>
      </object_component>
      <object_component id="oc-12f">
         <name>.text</name>
         <load_address>0x27e86</load_address>
         <run_address>0x27e86</run_address>
         <size>0xdd</size>
         <input_file_ref idref="fl-45"/>
      </object_component>
      <object_component id="oc-21">
         <name>.text:retain</name>
         <load_address>0x27f63</load_address>
         <run_address>0x27f63</run_address>
         <size>0xcc</size>
         <input_file_ref idref="fl-4"/>
      </object_component>
      <object_component id="oc-12">
         <name>.text</name>
         <load_address>0x2802f</load_address>
         <run_address>0x2802f</run_address>
         <size>0xc3</size>
         <input_file_ref idref="fl-2"/>
      </object_component>
      <object_component id="oc-137">
         <name>.text</name>
         <load_address>0x280f2</load_address>
         <run_address>0x280f2</run_address>
         <size>0xc2</size>
         <input_file_ref idref="fl-47"/>
      </object_component>
      <object_component id="oc-128">
         <name>.text:CIO_breakpoint</name>
         <load_address>0x281b4</load_address>
         <run_address>0x281b4</run_address>
         <size>0xba</size>
         <input_file_ref idref="fl-43"/>
      </object_component>
      <object_component id="oc-f1">
         <name>.text</name>
         <load_address>0x2826e</load_address>
         <run_address>0x2826e</run_address>
         <size>0xa6</size>
         <input_file_ref idref="fl-37"/>
      </object_component>
      <object_component id="oc-93">
         <name>.text</name>
         <load_address>0x28314</load_address>
         <run_address>0x28314</run_address>
         <size>0xa1</size>
         <input_file_ref idref="fl-21"/>
      </object_component>
      <object_component id="oc-51">
         <name>.text</name>
         <load_address>0x283b5</load_address>
         <run_address>0x283b5</run_address>
         <size>0x8e</size>
         <input_file_ref idref="fl-14"/>
      </object_component>
      <object_component id="oc-6b">
         <name>.text</name>
         <load_address>0x28443</load_address>
         <run_address>0x28443</run_address>
         <size>0x8c</size>
         <input_file_ref idref="fl-19"/>
      </object_component>
      <object_component id="oc-56">
         <name>.text</name>
         <load_address>0x284cf</load_address>
         <run_address>0x284cf</run_address>
         <size>0x87</size>
         <input_file_ref idref="fl-15"/>
      </object_component>
      <object_component id="oc-10c">
         <name>.text</name>
         <load_address>0x28556</load_address>
         <run_address>0x28556</run_address>
         <size>0x7d</size>
         <input_file_ref idref="fl-3d"/>
      </object_component>
      <object_component id="oc-150">
         <name>.text</name>
         <load_address>0x285d3</load_address>
         <run_address>0x285d3</run_address>
         <size>0x7b</size>
         <input_file_ref idref="fl-4c"/>
      </object_component>
      <object_component id="oc-fa">
         <name>.text</name>
         <load_address>0x2864e</load_address>
         <run_address>0x2864e</run_address>
         <size>0x76</size>
         <input_file_ref idref="fl-39"/>
      </object_component>
      <object_component id="oc-a6">
         <name>.text</name>
         <load_address>0x286c4</load_address>
         <run_address>0x286c4</run_address>
         <size>0x73</size>
         <input_file_ref idref="fl-25"/>
      </object_component>
      <object_component id="oc-c2">
         <name>.text</name>
         <load_address>0x28737</load_address>
         <run_address>0x28737</run_address>
         <size>0x72</size>
         <input_file_ref idref="fl-2c"/>
      </object_component>
      <object_component id="oc-a2">
         <name>.text</name>
         <load_address>0x287a9</load_address>
         <run_address>0x287a9</run_address>
         <size>0x6f</size>
         <input_file_ref idref="fl-24"/>
      </object_component>
      <object_component id="oc-61">
         <name>.text</name>
         <load_address>0x28818</load_address>
         <run_address>0x28818</run_address>
         <size>0x6d</size>
         <input_file_ref idref="fl-17"/>
      </object_component>
      <object_component id="oc-125">
         <name>.text</name>
         <load_address>0x28885</load_address>
         <run_address>0x28885</run_address>
         <size>0x6d</size>
         <input_file_ref idref="fl-43"/>
      </object_component>
      <object_component id="oc-13b">
         <name>.text</name>
         <load_address>0x288f2</load_address>
         <run_address>0x288f2</run_address>
         <size>0x6b</size>
         <input_file_ref idref="fl-48"/>
      </object_component>
      <object_component id="oc-ec">
         <name>.text</name>
         <load_address>0x2895d</load_address>
         <run_address>0x2895d</run_address>
         <size>0x67</size>
         <input_file_ref idref="fl-36"/>
      </object_component>
      <object_component id="oc-da">
         <name>.text</name>
         <load_address>0x289c4</load_address>
         <run_address>0x289c4</run_address>
         <size>0x5c</size>
         <input_file_ref idref="fl-31"/>
      </object_component>
      <object_component id="oc-5c">
         <name>.text</name>
         <load_address>0x28a20</load_address>
         <run_address>0x28a20</run_address>
         <size>0x54</size>
         <input_file_ref idref="fl-16"/>
      </object_component>
      <object_component id="oc-be">
         <name>.text</name>
         <load_address>0x28a74</load_address>
         <run_address>0x28a74</run_address>
         <size>0x50</size>
         <input_file_ref idref="fl-2b"/>
      </object_component>
      <object_component id="oc-de">
         <name>.text</name>
         <load_address>0x28ac4</load_address>
         <run_address>0x28ac4</run_address>
         <size>0x4d</size>
         <input_file_ref idref="fl-32"/>
      </object_component>
      <object_component id="oc-d6">
         <name>.text</name>
         <load_address>0x28b11</load_address>
         <run_address>0x28b11</run_address>
         <size>0x4b</size>
         <input_file_ref idref="fl-30"/>
      </object_component>
      <object_component id="oc-118">
         <name>.text</name>
         <load_address>0x28b5c</load_address>
         <run_address>0x28b5c</run_address>
         <size>0x4b</size>
         <input_file_ref idref="fl-40"/>
      </object_component>
      <object_component id="oc-133">
         <name>.text</name>
         <load_address>0x28ba7</load_address>
         <run_address>0x28ba7</run_address>
         <size>0x48</size>
         <input_file_ref idref="fl-46"/>
      </object_component>
      <object_component id="oc-114">
         <name>.text</name>
         <load_address>0x28bef</load_address>
         <run_address>0x28bef</run_address>
         <size>0x3f</size>
         <input_file_ref idref="fl-3f"/>
      </object_component>
      <object_component id="oc-97">
         <name>.text</name>
         <load_address>0x28c2e</load_address>
         <run_address>0x28c2e</run_address>
         <size>0x3e</size>
         <input_file_ref idref="fl-22"/>
      </object_component>
      <object_component id="oc-aa">
         <name>.text</name>
         <load_address>0x28c6c</load_address>
         <run_address>0x28c6c</run_address>
         <size>0x3c</size>
         <input_file_ref idref="fl-26"/>
      </object_component>
      <object_component id="oc-10">
         <name>.text</name>
         <load_address>0x28ca8</load_address>
         <run_address>0x28ca8</run_address>
         <size>0x34</size>
         <input_file_ref idref="fl-1f"/>
      </object_component>
      <object_component id="oc-9e">
         <name>.text</name>
         <load_address>0x28cdc</load_address>
         <run_address>0x28cdc</run_address>
         <size>0x2a</size>
         <input_file_ref idref="fl-23"/>
      </object_component>
      <object_component id="oc-12b">
         <name>.text</name>
         <load_address>0x28d06</load_address>
         <run_address>0x28d06</run_address>
         <size>0x2a</size>
         <input_file_ref idref="fl-44"/>
      </object_component>
      <object_component id="oc-110">
         <name>.text</name>
         <load_address>0x28d30</load_address>
         <run_address>0x28d30</run_address>
         <size>0x23</size>
         <input_file_ref idref="fl-3e"/>
      </object_component>
      <object_component id="oc-fe">
         <name>.text</name>
         <load_address>0x28d53</load_address>
         <run_address>0x28d53</run_address>
         <size>0x1a</size>
         <input_file_ref idref="fl-3a"/>
      </object_component>
      <object_component id="oc-11c">
         <name>.text</name>
         <load_address>0x28d6d</load_address>
         <run_address>0x28d6d</run_address>
         <size>0x14</size>
         <input_file_ref idref="fl-41"/>
      </object_component>
      <object_component id="oc-ae">
         <name>.text</name>
         <load_address>0x28d81</load_address>
         <run_address>0x28d81</run_address>
         <size>0x13</size>
         <input_file_ref idref="fl-27"/>
      </object_component>
      <object_component id="oc-ca">
         <name>.text</name>
         <load_address>0x28d94</load_address>
         <run_address>0x28d94</run_address>
         <size>0x12</size>
         <input_file_ref idref="fl-2e"/>
      </object_component>
      <object_component id="oc-b2">
         <name>.text</name>
         <load_address>0x28da6</load_address>
         <run_address>0x28da6</run_address>
         <size>0x11</size>
         <input_file_ref idref="fl-28"/>
      </object_component>
      <object_component id="oc-ba">
         <name>.text</name>
         <load_address>0x28db7</load_address>
         <run_address>0x28db7</run_address>
         <size>0x10</size>
         <input_file_ref idref="fl-2a"/>
      </object_component>
      <object_component id="oc-154">
         <name>.text</name>
         <load_address>0x28dc7</load_address>
         <run_address>0x28dc7</run_address>
         <size>0xa</size>
         <input_file_ref idref="fl-4d"/>
      </object_component>
      <object_component id="oc-9b">
         <name>.text:CIO_breakpoint</name>
         <load_address>0x28dd1</load_address>
         <run_address>0x28dd1</run_address>
         <size>0x7</size>
         <input_file_ref idref="fl-22"/>
      </object_component>
      <object_component id="oc-c6">
         <name>.text</name>
         <load_address>0x28dd8</load_address>
         <run_address>0x28dd8</run_address>
         <size>0x2</size>
         <input_file_ref idref="fl-2d"/>
      </object_component>
      <object_component id="oc-8b">
         <name>.stack</name>
         <uninitialized>true</uninitialized>
         <run_address>0xc0</run_address>
         <size>0x0</size>
         <input_file_ref idref="fl-1f"/>
      </object_component>
      <object_component id="oc-174">
         <name>.stack</name>
         <uninitialized>true</uninitialized>
         <run_address>0xc0</run_address>
         <size>0x0</size>
      </object_component>
      <object_component id="oc-158">
         <name>.sysstack</name>
         <uninitialized>true</uninitialized>
         <run_address>0x20c0</run_address>
         <size>0x0</size>
         <input_file_ref idref="fl-1f"/>
      </object_component>
      <object_component id="oc-176">
         <name>.sysstack</name>
         <uninitialized>true</uninitialized>
         <run_address>0x20c0</run_address>
         <size>0x0</size>
      </object_component>
      <object_component id="oc-2b">
         <name>.bss</name>
         <uninitialized>true</uninitialized>
         <run_address>0x30c0</run_address>
         <size>0x1378</size>
         <input_file_ref idref="fl-6"/>
      </object_component>
      <object_component id="oc-1f">
         <name>.bss</name>
         <uninitialized>true</uninitialized>
         <run_address>0x4438</run_address>
         <size>0x810</size>
         <input_file_ref idref="fl-4"/>
      </object_component>
      <object_component id="oc-e8">
         <name>.bss</name>
         <uninitialized>true</uninitialized>
         <run_address>0x4c48</run_address>
         <size>0x232</size>
         <input_file_ref idref="fl-35"/>
      </object_component>
      <object_component id="oc-121">
         <name>.bss</name>
         <uninitialized>true</uninitialized>
         <run_address>0x4e7a</run_address>
         <size>0x1a0</size>
         <input_file_ref idref="fl-42"/>
      </object_component>
      <object_component id="oc-144">
         <name>.bss</name>
         <uninitialized>true</uninitialized>
         <run_address>0x501a</run_address>
         <size>0x2</size>
         <input_file_ref idref="fl-4a"/>
      </object_component>
      <object_component id="oc-70">
         <name>.bss</name>
         <uninitialized>true</uninitialized>
         <run_address>0x501c</run_address>
         <size>0x108</size>
         <input_file_ref idref="fl-1a"/>
      </object_component>
      <object_component id="oc-107">
         <name>.bss</name>
         <uninitialized>true</uninitialized>
         <run_address>0x5124</run_address>
         <size>0xe2</size>
         <input_file_ref idref="fl-3c"/>
      </object_component>
      <object_component id="oc-76">
         <name>.bss</name>
         <uninitialized>true</uninitialized>
         <run_address>0x5206</run_address>
         <size>0x54</size>
         <input_file_ref idref="fl-1b"/>
      </object_component>
      <object_component id="oc-7d">
         <name>.bss</name>
         <uninitialized>true</uninitialized>
         <run_address>0x525c</run_address>
         <size>0x24</size>
         <input_file_ref idref="fl-1c"/>
      </object_component>
      <object_component id="oc-40">
         <name>.bss</name>
         <uninitialized>true</uninitialized>
         <run_address>0x5280</run_address>
         <size>0x10</size>
         <input_file_ref idref="fl-11"/>
      </object_component>
      <object_component id="oc-14a">
         <name>.bss</name>
         <uninitialized>true</uninitialized>
         <run_address>0x5290</run_address>
         <size>0xc</size>
         <input_file_ref idref="fl-4b"/>
      </object_component>
      <object_component id="oc-57">
         <name>.bss</name>
         <uninitialized>true</uninitialized>
         <run_address>0x529c</run_address>
         <size>0x8</size>
         <input_file_ref idref="fl-15"/>
      </object_component>
      <object_component id="oc-cb">
         <name>.bss</name>
         <uninitialized>true</uninitialized>
         <run_address>0x52a4</run_address>
         <size>0x8</size>
         <input_file_ref idref="fl-2e"/>
      </object_component>
      <object_component id="oc-98">
         <name>.bss</name>
         <uninitialized>true</uninitialized>
         <run_address>0x52ac</run_address>
         <size>0x8</size>
         <input_file_ref idref="fl-22"/>
      </object_component>
      <object_component id="oc-13">
         <name>.bss</name>
         <uninitialized>true</uninitialized>
         <run_address>0x52b4</run_address>
         <size>0x4</size>
         <input_file_ref idref="fl-2"/>
      </object_component>
      <object_component id="oc-4c">
         <name>.bss</name>
         <uninitialized>true</uninitialized>
         <run_address>0x52b8</run_address>
         <size>0x4</size>
         <input_file_ref idref="fl-13"/>
      </object_component>
      <object_component id="oc-1a">
         <name>.const:.string</name>
         <load_address>0x72bc</load_address>
         <run_address>0x72bc</run_address>
         <size>0x2e8</size>
         <input_file_ref idref="fl-3"/>
      </object_component>
      <object_component id="oc-15c">
         <name>.const:__ctypes_</name>
         <load_address>0x75a4</load_address>
         <run_address>0x75a4</run_address>
         <size>0x202</size>
         <input_file_ref idref="fl-34"/>
      </object_component>
      <object_component id="oc-15a">
         <name>.const:_consolas_8ptBitmaps</name>
         <load_address>0x77a6</load_address>
         <run_address>0x77a6</run_address>
         <size>0xc0</size>
         <input_file_ref idref="fl-7"/>
      </object_component>
      <object_component id="oc-35">
         <name>.const</name>
         <load_address>0x7866</load_address>
         <run_address>0x7866</run_address>
         <size>0x2</size>
         <input_file_ref idref="fl-7"/>
      </object_component>
      <object_component id="oc-d3">
         <name>.const:.string</name>
         <load_address>0x7868</load_address>
         <run_address>0x7868</run_address>
         <size>0x48</size>
         <input_file_ref idref="fl-2f"/>
      </object_component>
      <object_component id="oc-2f">
         <name>.const:.string</name>
         <load_address>0x78b0</load_address>
         <run_address>0x78b0</run_address>
         <size>0x3e</size>
         <input_file_ref idref="fl-6"/>
      </object_component>
      <object_component id="oc-d2">
         <name>.const</name>
         <load_address>0x78f0</load_address>
         <run_address>0x78f0</run_address>
         <size>0x18</size>
         <input_file_ref idref="fl-2f"/>
      </object_component>
      <object_component id="oc-15b">
         <name>.const:_initial_approx$1</name>
         <load_address>0x7908</load_address>
         <run_address>0x7908</run_address>
         <size>0x10</size>
         <input_file_ref idref="fl-20"/>
      </object_component>
      <object_component id="oc-2e">
         <name>.const</name>
         <load_address>0x7918</load_address>
         <run_address>0x7918</run_address>
         <size>0x10</size>
         <input_file_ref idref="fl-6"/>
      </object_component>
      <object_component id="oc-3b">
         <name>.const</name>
         <load_address>0x7928</load_address>
         <run_address>0x7928</run_address>
         <size>0x10</size>
         <input_file_ref idref="fl-8"/>
      </object_component>
      <object_component id="oc-f7">
         <name>.const:.string</name>
         <load_address>0x7938</load_address>
         <run_address>0x7938</run_address>
         <size>0x4</size>
         <input_file_ref idref="fl-38"/>
      </object_component>
      <object_component id="oc-ee">
         <name>.const</name>
         <load_address>0x793c</load_address>
         <run_address>0x793c</run_address>
         <size>0x4</size>
         <input_file_ref idref="fl-36"/>
      </object_component>
      <object_component id="oc-14d">
         <name>.sysmem</name>
         <uninitialized>true</uninitialized>
         <run_address>0x52bc</run_address>
         <size>0x0</size>
         <input_file_ref idref="fl-4b"/>
      </object_component>
      <object_component id="oc-175">
         <name>.sysmem</name>
         <uninitialized>true</uninitialized>
         <run_address>0x52bc</run_address>
         <size>0x0</size>
      </object_component>
      <object_component id="oc-159">
         <name>.switch:_printChar</name>
         <load_address>0x40394</load_address>
         <run_address>0x40394</run_address>
         <size>0x28</size>
         <input_file_ref idref="fl-7"/>
      </object_component>
      <object_component id="oc-109">
         <name>.cinit</name>
         <load_address>0x40240</load_address>
         <run_address>0x40240</run_address>
         <size>0x5a</size>
         <input_file_ref idref="fl-3c"/>
      </object_component>
      <object_component id="oc-ea">
         <name>.cinit</name>
         <load_address>0x4029a</load_address>
         <run_address>0x4029a</run_address>
         <size>0x54</size>
         <input_file_ref idref="fl-35"/>
      </object_component>
      <object_component id="oc-2d">
         <name>.cinit</name>
         <load_address>0x402ee</load_address>
         <run_address>0x402ee</run_address>
         <size>0x42</size>
         <input_file_ref idref="fl-6"/>
      </object_component>
      <object_component id="oc-42">
         <name>.cinit</name>
         <load_address>0x40330</load_address>
         <run_address>0x40330</run_address>
         <size>0x18</size>
         <input_file_ref idref="fl-11"/>
      </object_component>
      <object_component id="oc-cd">
         <name>.cinit</name>
         <load_address>0x40348</load_address>
         <run_address>0x40348</run_address>
         <size>0x14</size>
         <input_file_ref idref="fl-2e"/>
      </object_component>
      <object_component id="oc-9a">
         <name>.cinit</name>
         <load_address>0x4035c</load_address>
         <run_address>0x4035c</run_address>
         <size>0x14</size>
         <input_file_ref idref="fl-22"/>
      </object_component>
      <object_component id="oc-78">
         <name>.cinit</name>
         <load_address>0x40370</load_address>
         <run_address>0x40370</run_address>
         <size>0x10</size>
         <input_file_ref idref="fl-1b"/>
      </object_component>
      <object_component id="oc-146">
         <name>.cinit</name>
         <load_address>0x40380</load_address>
         <run_address>0x40380</run_address>
         <size>0x8</size>
         <input_file_ref idref="fl-4a"/>
      </object_component>
      <object_component id="oc-14c">
         <name>.cinit</name>
         <load_address>0x40388</load_address>
         <run_address>0x40388</run_address>
         <size>0x8</size>
         <input_file_ref idref="fl-4b"/>
      </object_component>
      <object_component id="oc-127">
         <name>.cio</name>
         <uninitialized>true</uninitialized>
         <run_address>0x40000</run_address>
         <size>0x240</size>
         <input_file_ref idref="fl-43"/>
      </object_component>
      <object_component id="oc-62">
         <name>vectors</name>
         <load_address>0x4fe00</load_address>
         <run_address>0x4fe00</run_address>
         <size>0x100</size>
         <input_file_ref idref="fl-17"/>
      </object_component>
      <object_component id="oc-11">
         <name>vectors</name>
         <load_address>0x4ff00</load_address>
         <run_address>0x4ff00</run_address>
         <size>0x100</size>
         <input_file_ref idref="fl-2d"/>
      </object_component>
      <object_component id="oc-14">
         <name>.debug_info</name>
         <load_address>0x0</load_address>
         <run_address>0x0</run_address>
         <size>0xc74</size>
         <input_file_ref idref="fl-2"/>
      </object_component>
      <object_component id="oc-19">
         <name>.debug_info</name>
         <load_address>0xc74</load_address>
         <run_address>0xc74</run_address>
         <size>0x1bcb</size>
         <input_file_ref idref="fl-3"/>
      </object_component>
      <object_component id="oc-20">
         <name>.debug_info</name>
         <load_address>0x283f</load_address>
         <run_address>0x283f</run_address>
         <size>0x105e</size>
         <input_file_ref idref="fl-4"/>
      </object_component>
      <object_component id="oc-26">
         <name>.debug_info</name>
         <load_address>0x389d</load_address>
         <run_address>0x389d</run_address>
         <size>0x77b</size>
         <input_file_ref idref="fl-5"/>
      </object_component>
      <object_component id="oc-2c">
         <name>.debug_info</name>
         <load_address>0x4018</load_address>
         <run_address>0x4018</run_address>
         <size>0x1704</size>
         <input_file_ref idref="fl-6"/>
      </object_component>
      <object_component id="oc-34">
         <name>.debug_info</name>
         <load_address>0x571c</load_address>
         <run_address>0x571c</run_address>
         <size>0xcfd</size>
         <input_file_ref idref="fl-7"/>
      </object_component>
      <object_component id="oc-3a">
         <name>.debug_info</name>
         <load_address>0x6419</load_address>
         <run_address>0x6419</run_address>
         <size>0x1168</size>
         <input_file_ref idref="fl-8"/>
      </object_component>
      <object_component id="oc-41">
         <name>.debug_info</name>
         <load_address>0x7581</load_address>
         <run_address>0x7581</run_address>
         <size>0x6384</size>
         <input_file_ref idref="fl-11"/>
      </object_component>
      <object_component id="oc-47">
         <name>.debug_info</name>
         <load_address>0xd905</load_address>
         <run_address>0xd905</run_address>
         <size>0x5f6b</size>
         <input_file_ref idref="fl-12"/>
      </object_component>
      <object_component id="oc-4d">
         <name>.debug_info</name>
         <load_address>0x13870</load_address>
         <run_address>0x13870</run_address>
         <size>0x6979</size>
         <input_file_ref idref="fl-13"/>
      </object_component>
      <object_component id="oc-52">
         <name>.debug_info</name>
         <load_address>0x1a1e9</load_address>
         <run_address>0x1a1e9</run_address>
         <size>0x65d7</size>
         <input_file_ref idref="fl-14"/>
      </object_component>
      <object_component id="oc-58">
         <name>.debug_info</name>
         <load_address>0x207c0</load_address>
         <run_address>0x207c0</run_address>
         <size>0x63d2</size>
         <input_file_ref idref="fl-15"/>
      </object_component>
      <object_component id="oc-5d">
         <name>.debug_info</name>
         <load_address>0x26b92</load_address>
         <run_address>0x26b92</run_address>
         <size>0x5896</size>
         <input_file_ref idref="fl-16"/>
      </object_component>
      <object_component id="oc-63">
         <name>.debug_info</name>
         <load_address>0x2c428</load_address>
         <run_address>0x2c428</run_address>
         <size>0x1a4</size>
         <input_file_ref idref="fl-17"/>
      </object_component>
      <object_component id="oc-67">
         <name>.debug_info</name>
         <load_address>0x2c5cc</load_address>
         <run_address>0x2c5cc</run_address>
         <size>0x6ebb</size>
         <input_file_ref idref="fl-18"/>
      </object_component>
      <object_component id="oc-6c">
         <name>.debug_info</name>
         <load_address>0x33487</load_address>
         <run_address>0x33487</run_address>
         <size>0x18e</size>
         <input_file_ref idref="fl-19"/>
      </object_component>
      <object_component id="oc-71">
         <name>.debug_info</name>
         <load_address>0x33615</load_address>
         <run_address>0x33615</run_address>
         <size>0x6f61</size>
         <input_file_ref idref="fl-1a"/>
      </object_component>
      <object_component id="oc-77">
         <name>.debug_info</name>
         <load_address>0x3a576</load_address>
         <run_address>0x3a576</run_address>
         <size>0x710f</size>
         <input_file_ref idref="fl-1b"/>
      </object_component>
      <object_component id="oc-7e">
         <name>.debug_info</name>
         <load_address>0x41685</load_address>
         <run_address>0x41685</run_address>
         <size>0x7424</size>
         <input_file_ref idref="fl-1c"/>
      </object_component>
      <object_component id="oc-83">
         <name>.debug_info</name>
         <load_address>0x48aa9</load_address>
         <run_address>0x48aa9</run_address>
         <size>0x6ced</size>
         <input_file_ref idref="fl-1d"/>
      </object_component>
      <object_component id="oc-88">
         <name>.debug_info</name>
         <load_address>0x4f796</load_address>
         <run_address>0x4f796</run_address>
         <size>0x5ab</size>
         <input_file_ref idref="fl-1e"/>
      </object_component>
      <object_component id="oc-8c">
         <name>.debug_info</name>
         <load_address>0x4fd41</load_address>
         <run_address>0x4fd41</run_address>
         <size>0xe8</size>
         <input_file_ref idref="fl-1f"/>
      </object_component>
      <object_component id="oc-90">
         <name>.debug_info</name>
         <load_address>0x4fe29</load_address>
         <run_address>0x4fe29</run_address>
         <size>0x7e8</size>
         <input_file_ref idref="fl-20"/>
      </object_component>
      <object_component id="oc-94">
         <name>.debug_info</name>
         <load_address>0x50611</load_address>
         <run_address>0x50611</run_address>
         <size>0x534</size>
         <input_file_ref idref="fl-21"/>
      </object_component>
      <object_component id="oc-99">
         <name>.debug_info</name>
         <load_address>0x50b45</load_address>
         <run_address>0x50b45</run_address>
         <size>0x5fb</size>
         <input_file_ref idref="fl-22"/>
      </object_component>
      <object_component id="oc-9f">
         <name>.debug_info</name>
         <load_address>0x51140</load_address>
         <run_address>0x51140</run_address>
         <size>0x4cf</size>
         <input_file_ref idref="fl-23"/>
      </object_component>
      <object_component id="oc-a3">
         <name>.debug_info</name>
         <load_address>0x5160f</load_address>
         <run_address>0x5160f</run_address>
         <size>0x534</size>
         <input_file_ref idref="fl-24"/>
      </object_component>
      <object_component id="oc-a7">
         <name>.debug_info</name>
         <load_address>0x51b43</load_address>
         <run_address>0x51b43</run_address>
         <size>0x53e</size>
         <input_file_ref idref="fl-25"/>
      </object_component>
      <object_component id="oc-ab">
         <name>.debug_info</name>
         <load_address>0x52081</load_address>
         <run_address>0x52081</run_address>
         <size>0xeb</size>
         <input_file_ref idref="fl-26"/>
      </object_component>
      <object_component id="oc-af">
         <name>.debug_info</name>
         <load_address>0x5216c</load_address>
         <run_address>0x5216c</run_address>
         <size>0xbd</size>
         <input_file_ref idref="fl-27"/>
      </object_component>
      <object_component id="oc-b3">
         <name>.debug_info</name>
         <load_address>0x52229</load_address>
         <run_address>0x52229</run_address>
         <size>0x59d</size>
         <input_file_ref idref="fl-28"/>
      </object_component>
      <object_component id="oc-b7">
         <name>.debug_info</name>
         <load_address>0x527c6</load_address>
         <run_address>0x527c6</run_address>
         <size>0x55b</size>
         <input_file_ref idref="fl-29"/>
      </object_component>
      <object_component id="oc-bb">
         <name>.debug_info</name>
         <load_address>0x52d21</load_address>
         <run_address>0x52d21</run_address>
         <size>0x4b7</size>
         <input_file_ref idref="fl-2a"/>
      </object_component>
      <object_component id="oc-bf">
         <name>.debug_info</name>
         <load_address>0x531d8</load_address>
         <run_address>0x531d8</run_address>
         <size>0x76c</size>
         <input_file_ref idref="fl-2b"/>
      </object_component>
      <object_component id="oc-c3">
         <name>.debug_info</name>
         <load_address>0x53944</load_address>
         <run_address>0x53944</run_address>
         <size>0x534</size>
         <input_file_ref idref="fl-2c"/>
      </object_component>
      <object_component id="oc-c7">
         <name>.debug_info</name>
         <load_address>0x53e78</load_address>
         <run_address>0x53e78</run_address>
         <size>0xbc</size>
         <input_file_ref idref="fl-2d"/>
      </object_component>
      <object_component id="oc-cc">
         <name>.debug_info</name>
         <load_address>0x53f34</load_address>
         <run_address>0x53f34</run_address>
         <size>0x5bc</size>
         <input_file_ref idref="fl-2e"/>
      </object_component>
      <object_component id="oc-d1">
         <name>.debug_info</name>
         <load_address>0x544f0</load_address>
         <run_address>0x544f0</run_address>
         <size>0x27bd</size>
         <input_file_ref idref="fl-2f"/>
      </object_component>
      <object_component id="oc-d7">
         <name>.debug_info</name>
         <load_address>0x56cad</load_address>
         <run_address>0x56cad</run_address>
         <size>0x586</size>
         <input_file_ref idref="fl-30"/>
      </object_component>
      <object_component id="oc-db">
         <name>.debug_info</name>
         <load_address>0x57233</load_address>
         <run_address>0x57233</run_address>
         <size>0x5a4</size>
         <input_file_ref idref="fl-31"/>
      </object_component>
      <object_component id="oc-df">
         <name>.debug_info</name>
         <load_address>0x577d7</load_address>
         <run_address>0x577d7</run_address>
         <size>0xcd</size>
         <input_file_ref idref="fl-32"/>
      </object_component>
      <object_component id="oc-e3">
         <name>.debug_info</name>
         <load_address>0x578a4</load_address>
         <run_address>0x578a4</run_address>
         <size>0x81f</size>
         <input_file_ref idref="fl-33"/>
      </object_component>
      <object_component id="oc-e6">
         <name>.debug_info</name>
         <load_address>0x580c3</load_address>
         <run_address>0x580c3</run_address>
         <size>0x498</size>
         <input_file_ref idref="fl-34"/>
      </object_component>
      <object_component id="oc-e9">
         <name>.debug_info</name>
         <load_address>0x5855b</load_address>
         <run_address>0x5855b</run_address>
         <size>0x57e</size>
         <input_file_ref idref="fl-35"/>
      </object_component>
      <object_component id="oc-ed">
         <name>.debug_info</name>
         <load_address>0x58ad9</load_address>
         <run_address>0x58ad9</run_address>
         <size>0x549</size>
         <input_file_ref idref="fl-36"/>
      </object_component>
      <object_component id="oc-f2">
         <name>.debug_info</name>
         <load_address>0x59022</load_address>
         <run_address>0x59022</run_address>
         <size>0x6aa</size>
         <input_file_ref idref="fl-37"/>
      </object_component>
      <object_component id="oc-f6">
         <name>.debug_info</name>
         <load_address>0x596cc</load_address>
         <run_address>0x596cc</run_address>
         <size>0x942</size>
         <input_file_ref idref="fl-38"/>
      </object_component>
      <object_component id="oc-fb">
         <name>.debug_info</name>
         <load_address>0x5a00e</load_address>
         <run_address>0x5a00e</run_address>
         <size>0x4d2</size>
         <input_file_ref idref="fl-39"/>
      </object_component>
      <object_component id="oc-ff">
         <name>.debug_info</name>
         <load_address>0x5a4e0</load_address>
         <run_address>0x5a4e0</run_address>
         <size>0x680</size>
         <input_file_ref idref="fl-3a"/>
      </object_component>
      <object_component id="oc-103">
         <name>.debug_info</name>
         <load_address>0x5ab60</load_address>
         <run_address>0x5ab60</run_address>
         <size>0x7d4</size>
         <input_file_ref idref="fl-3b"/>
      </object_component>
      <object_component id="oc-108">
         <name>.debug_info</name>
         <load_address>0x5b334</load_address>
         <run_address>0x5b334</run_address>
         <size>0x144b</size>
         <input_file_ref idref="fl-3c"/>
      </object_component>
      <object_component id="oc-10d">
         <name>.debug_info</name>
         <load_address>0x5c77f</load_address>
         <run_address>0x5c77f</run_address>
         <size>0x5ad</size>
         <input_file_ref idref="fl-3d"/>
      </object_component>
      <object_component id="oc-111">
         <name>.debug_info</name>
         <load_address>0x5cd2c</load_address>
         <run_address>0x5cd2c</run_address>
         <size>0x574</size>
         <input_file_ref idref="fl-3e"/>
      </object_component>
      <object_component id="oc-115">
         <name>.debug_info</name>
         <load_address>0x5d2a0</load_address>
         <run_address>0x5d2a0</run_address>
         <size>0xd1</size>
         <input_file_ref idref="fl-3f"/>
      </object_component>
      <object_component id="oc-119">
         <name>.debug_info</name>
         <load_address>0x5d371</load_address>
         <run_address>0x5d371</run_address>
         <size>0x4f2</size>
         <input_file_ref idref="fl-40"/>
      </object_component>
      <object_component id="oc-11d">
         <name>.debug_info</name>
         <load_address>0x5d863</load_address>
         <run_address>0x5d863</run_address>
         <size>0x4de</size>
         <input_file_ref idref="fl-41"/>
      </object_component>
      <object_component id="oc-122">
         <name>.debug_info</name>
         <load_address>0x5dd41</load_address>
         <run_address>0x5dd41</run_address>
         <size>0xed4</size>
         <input_file_ref idref="fl-42"/>
      </object_component>
      <object_component id="oc-126">
         <name>.debug_info</name>
         <load_address>0x5ec15</load_address>
         <run_address>0x5ec15</run_address>
         <size>0x744</size>
         <input_file_ref idref="fl-43"/>
      </object_component>
      <object_component id="oc-12c">
         <name>.debug_info</name>
         <load_address>0x5f359</load_address>
         <run_address>0x5f359</run_address>
         <size>0xef</size>
         <input_file_ref idref="fl-44"/>
      </object_component>
      <object_component id="oc-130">
         <name>.debug_info</name>
         <load_address>0x5f448</load_address>
         <run_address>0x5f448</run_address>
         <size>0x662</size>
         <input_file_ref idref="fl-45"/>
      </object_component>
      <object_component id="oc-134">
         <name>.debug_info</name>
         <load_address>0x5faaa</load_address>
         <run_address>0x5faaa</run_address>
         <size>0x4f2</size>
         <input_file_ref idref="fl-46"/>
      </object_component>
      <object_component id="oc-138">
         <name>.debug_info</name>
         <load_address>0x5ff9c</load_address>
         <run_address>0x5ff9c</run_address>
         <size>0x706</size>
         <input_file_ref idref="fl-47"/>
      </object_component>
      <object_component id="oc-13c">
         <name>.debug_info</name>
         <load_address>0x606a2</load_address>
         <run_address>0x606a2</run_address>
         <size>0x5f7</size>
         <input_file_ref idref="fl-48"/>
      </object_component>
      <object_component id="oc-140">
         <name>.debug_info</name>
         <load_address>0x60c99</load_address>
         <run_address>0x60c99</run_address>
         <size>0x64a</size>
         <input_file_ref idref="fl-49"/>
      </object_component>
      <object_component id="oc-145">
         <name>.debug_info</name>
         <load_address>0x612e3</load_address>
         <run_address>0x612e3</run_address>
         <size>0xa1c</size>
         <input_file_ref idref="fl-4a"/>
      </object_component>
      <object_component id="oc-14b">
         <name>.debug_info</name>
         <load_address>0x61cff</load_address>
         <run_address>0x61cff</run_address>
         <size>0xb97</size>
         <input_file_ref idref="fl-4b"/>
      </object_component>
      <object_component id="oc-151">
         <name>.debug_info</name>
         <load_address>0x62896</load_address>
         <run_address>0x62896</run_address>
         <size>0x64f</size>
         <input_file_ref idref="fl-4c"/>
      </object_component>
      <object_component id="oc-155">
         <name>.debug_info</name>
         <load_address>0x62ee5</load_address>
         <run_address>0x62ee5</run_address>
         <size>0x510</size>
         <input_file_ref idref="fl-4d"/>
      </object_component>
      <object_component id="oc-17d">
         <name>.debug_info</name>
         <load_address>0x633f5</load_address>
         <run_address>0x633f5</run_address>
         <size>0x6e</size>
      </object_component>
      <object_component id="oc-15">
         <name>.debug_frame</name>
         <load_address>0x0</load_address>
         <run_address>0x0</run_address>
         <size>0x171</size>
         <input_file_ref idref="fl-2"/>
      </object_component>
      <object_component id="oc-1b">
         <name>.debug_frame</name>
         <load_address>0x171</load_address>
         <run_address>0x171</run_address>
         <size>0x121</size>
         <input_file_ref idref="fl-3"/>
      </object_component>
      <object_component id="oc-22">
         <name>.debug_frame</name>
         <load_address>0x292</load_address>
         <run_address>0x292</run_address>
         <size>0x16a</size>
         <input_file_ref idref="fl-4"/>
      </object_component>
      <object_component id="oc-27">
         <name>.debug_frame</name>
         <load_address>0x3fc</load_address>
         <run_address>0x3fc</run_address>
         <size>0x102</size>
         <input_file_ref idref="fl-5"/>
      </object_component>
      <object_component id="oc-30">
         <name>.debug_frame</name>
         <load_address>0x4fe</load_address>
         <run_address>0x4fe</run_address>
         <size>0x10e</size>
         <input_file_ref idref="fl-6"/>
      </object_component>
      <object_component id="oc-36">
         <name>.debug_frame</name>
         <load_address>0x60c</load_address>
         <run_address>0x60c</run_address>
         <size>0x13b</size>
         <input_file_ref idref="fl-7"/>
      </object_component>
      <object_component id="oc-3c">
         <name>.debug_frame</name>
         <load_address>0x747</load_address>
         <run_address>0x747</run_address>
         <size>0x191</size>
         <input_file_ref idref="fl-8"/>
      </object_component>
      <object_component id="oc-43">
         <name>.debug_frame</name>
         <load_address>0x8d8</load_address>
         <run_address>0x8d8</run_address>
         <size>0x102</size>
         <input_file_ref idref="fl-11"/>
      </object_component>
      <object_component id="oc-48">
         <name>.debug_frame</name>
         <load_address>0x9da</load_address>
         <run_address>0x9da</run_address>
         <size>0x13a</size>
         <input_file_ref idref="fl-12"/>
      </object_component>
      <object_component id="oc-4e">
         <name>.debug_frame</name>
         <load_address>0xb14</load_address>
         <run_address>0xb14</run_address>
         <size>0x171</size>
         <input_file_ref idref="fl-13"/>
      </object_component>
      <object_component id="oc-53">
         <name>.debug_frame</name>
         <load_address>0xc85</load_address>
         <run_address>0xc85</run_address>
         <size>0x138</size>
         <input_file_ref idref="fl-14"/>
      </object_component>
      <object_component id="oc-59">
         <name>.debug_frame</name>
         <load_address>0xdbd</load_address>
         <run_address>0xdbd</run_address>
         <size>0x138</size>
         <input_file_ref idref="fl-15"/>
      </object_component>
      <object_component id="oc-5e">
         <name>.debug_frame</name>
         <load_address>0xef5</load_address>
         <run_address>0xef5</run_address>
         <size>0x116</size>
         <input_file_ref idref="fl-16"/>
      </object_component>
      <object_component id="oc-68">
         <name>.debug_frame</name>
         <load_address>0x100b</load_address>
         <run_address>0x100b</run_address>
         <size>0x272</size>
         <input_file_ref idref="fl-18"/>
      </object_component>
      <object_component id="oc-72">
         <name>.debug_frame</name>
         <load_address>0x127d</load_address>
         <run_address>0x127d</run_address>
         <size>0x2a1</size>
         <input_file_ref idref="fl-1a"/>
      </object_component>
      <object_component id="oc-79">
         <name>.debug_frame</name>
         <load_address>0x151e</load_address>
         <run_address>0x151e</run_address>
         <size>0x197</size>
         <input_file_ref idref="fl-1b"/>
      </object_component>
      <object_component id="oc-7f">
         <name>.debug_frame</name>
         <load_address>0x16b5</load_address>
         <run_address>0x16b5</run_address>
         <size>0x1ef</size>
         <input_file_ref idref="fl-1c"/>
      </object_component>
      <object_component id="oc-84">
         <name>.debug_frame</name>
         <load_address>0x18a4</load_address>
         <run_address>0x18a4</run_address>
         <size>0x224</size>
         <input_file_ref idref="fl-1d"/>
      </object_component>
      <object_component id="oc-16">
         <name>.debug_line</name>
         <load_address>0x0</load_address>
         <run_address>0x0</run_address>
         <size>0xd0</size>
         <input_file_ref idref="fl-2"/>
      </object_component>
      <object_component id="oc-1c">
         <name>.debug_line</name>
         <load_address>0xd0</load_address>
         <run_address>0xd0</run_address>
         <size>0x253</size>
         <input_file_ref idref="fl-3"/>
      </object_component>
      <object_component id="oc-23">
         <name>.debug_line</name>
         <load_address>0x323</load_address>
         <run_address>0x323</run_address>
         <size>0x198</size>
         <input_file_ref idref="fl-4"/>
      </object_component>
      <object_component id="oc-28">
         <name>.debug_line</name>
         <load_address>0x4bb</load_address>
         <run_address>0x4bb</run_address>
         <size>0x6e</size>
         <input_file_ref idref="fl-5"/>
      </object_component>
      <object_component id="oc-31">
         <name>.debug_line</name>
         <load_address>0x529</load_address>
         <run_address>0x529</run_address>
         <size>0x177</size>
         <input_file_ref idref="fl-6"/>
      </object_component>
      <object_component id="oc-37">
         <name>.debug_line</name>
         <load_address>0x6a0</load_address>
         <run_address>0x6a0</run_address>
         <size>0x1d6</size>
         <input_file_ref idref="fl-7"/>
      </object_component>
      <object_component id="oc-3d">
         <name>.debug_line</name>
         <load_address>0x876</load_address>
         <run_address>0x876</run_address>
         <size>0x16a</size>
         <input_file_ref idref="fl-8"/>
      </object_component>
      <object_component id="oc-44">
         <name>.debug_line</name>
         <load_address>0x9e0</load_address>
         <run_address>0x9e0</run_address>
         <size>0x66e</size>
         <input_file_ref idref="fl-11"/>
      </object_component>
      <object_component id="oc-49">
         <name>.debug_line</name>
         <load_address>0x104e</load_address>
         <run_address>0x104e</run_address>
         <size>0x6ca</size>
         <input_file_ref idref="fl-12"/>
      </object_component>
      <object_component id="oc-4f">
         <name>.debug_line</name>
         <load_address>0x1718</load_address>
         <run_address>0x1718</run_address>
         <size>0x69c</size>
         <input_file_ref idref="fl-13"/>
      </object_component>
      <object_component id="oc-54">
         <name>.debug_line</name>
         <load_address>0x1db4</load_address>
         <run_address>0x1db4</run_address>
         <size>0x659</size>
         <input_file_ref idref="fl-14"/>
      </object_component>
      <object_component id="oc-5a">
         <name>.debug_line</name>
         <load_address>0x240d</load_address>
         <run_address>0x240d</run_address>
         <size>0x653</size>
         <input_file_ref idref="fl-15"/>
      </object_component>
      <object_component id="oc-5f">
         <name>.debug_line</name>
         <load_address>0x2a60</load_address>
         <run_address>0x2a60</run_address>
         <size>0x59c</size>
         <input_file_ref idref="fl-16"/>
      </object_component>
      <object_component id="oc-64">
         <name>.debug_line</name>
         <load_address>0x2ffc</load_address>
         <run_address>0x2ffc</run_address>
         <size>0xa8</size>
         <input_file_ref idref="fl-17"/>
      </object_component>
      <object_component id="oc-69">
         <name>.debug_line</name>
         <load_address>0x30a4</load_address>
         <run_address>0x30a4</run_address>
         <size>0x94b</size>
         <input_file_ref idref="fl-18"/>
      </object_component>
      <object_component id="oc-6d">
         <name>.debug_line</name>
         <load_address>0x39ef</load_address>
         <run_address>0x39ef</run_address>
         <size>0xab</size>
         <input_file_ref idref="fl-19"/>
      </object_component>
      <object_component id="oc-73">
         <name>.debug_line</name>
         <load_address>0x3a9a</load_address>
         <run_address>0x3a9a</run_address>
         <size>0x83c</size>
         <input_file_ref idref="fl-1a"/>
      </object_component>
      <object_component id="oc-7a">
         <name>.debug_line</name>
         <load_address>0x42d6</load_address>
         <run_address>0x42d6</run_address>
         <size>0x94c</size>
         <input_file_ref idref="fl-1b"/>
      </object_component>
      <object_component id="oc-80">
         <name>.debug_line</name>
         <load_address>0x4c22</load_address>
         <run_address>0x4c22</run_address>
         <size>0x96d</size>
         <input_file_ref idref="fl-1c"/>
      </object_component>
      <object_component id="oc-85">
         <name>.debug_line</name>
         <load_address>0x558f</load_address>
         <run_address>0x558f</run_address>
         <size>0x7c8</size>
         <input_file_ref idref="fl-1d"/>
      </object_component>
      <object_component id="oc-89">
         <name>.debug_line</name>
         <load_address>0x5d57</load_address>
         <run_address>0x5d57</run_address>
         <size>0x5c</size>
         <input_file_ref idref="fl-1e"/>
      </object_component>
      <object_component id="oc-8d">
         <name>.debug_line</name>
         <load_address>0x5db3</load_address>
         <run_address>0x5db3</run_address>
         <size>0x54</size>
         <input_file_ref idref="fl-1f"/>
      </object_component>
      <object_component id="oc-91">
         <name>.debug_line</name>
         <load_address>0x5e07</load_address>
         <run_address>0x5e07</run_address>
         <size>0x5b</size>
         <input_file_ref idref="fl-20"/>
      </object_component>
      <object_component id="oc-95">
         <name>.debug_line</name>
         <load_address>0x5e62</load_address>
         <run_address>0x5e62</run_address>
         <size>0x44</size>
         <input_file_ref idref="fl-21"/>
      </object_component>
      <object_component id="oc-9c">
         <name>.debug_line</name>
         <load_address>0x5ea6</load_address>
         <run_address>0x5ea6</run_address>
         <size>0x51</size>
         <input_file_ref idref="fl-22"/>
      </object_component>
      <object_component id="oc-a0">
         <name>.debug_line</name>
         <load_address>0x5ef7</load_address>
         <run_address>0x5ef7</run_address>
         <size>0x3d</size>
         <input_file_ref idref="fl-23"/>
      </object_component>
      <object_component id="oc-a4">
         <name>.debug_line</name>
         <load_address>0x5f34</load_address>
         <run_address>0x5f34</run_address>
         <size>0x3d</size>
         <input_file_ref idref="fl-24"/>
      </object_component>
      <object_component id="oc-a8">
         <name>.debug_line</name>
         <load_address>0x5f71</load_address>
         <run_address>0x5f71</run_address>
         <size>0x40</size>
         <input_file_ref idref="fl-25"/>
      </object_component>
      <object_component id="oc-ac">
         <name>.debug_line</name>
         <load_address>0x5fb1</load_address>
         <run_address>0x5fb1</run_address>
         <size>0x5c</size>
         <input_file_ref idref="fl-26"/>
      </object_component>
      <object_component id="oc-b0">
         <name>.debug_line</name>
         <load_address>0x600d</load_address>
         <run_address>0x600d</run_address>
         <size>0x3c</size>
         <input_file_ref idref="fl-27"/>
      </object_component>
      <object_component id="oc-b4">
         <name>.debug_line</name>
         <load_address>0x6049</load_address>
         <run_address>0x6049</run_address>
         <size>0x52</size>
         <input_file_ref idref="fl-28"/>
      </object_component>
      <object_component id="oc-b8">
         <name>.debug_line</name>
         <load_address>0x609b</load_address>
         <run_address>0x609b</run_address>
         <size>0x3c</size>
         <input_file_ref idref="fl-29"/>
      </object_component>
      <object_component id="oc-bc">
         <name>.debug_line</name>
         <load_address>0x60d7</load_address>
         <run_address>0x60d7</run_address>
         <size>0x37</size>
         <input_file_ref idref="fl-2a"/>
      </object_component>
      <object_component id="oc-c0">
         <name>.debug_line</name>
         <load_address>0x610e</load_address>
         <run_address>0x610e</run_address>
         <size>0x69</size>
         <input_file_ref idref="fl-2b"/>
      </object_component>
      <object_component id="oc-c4">
         <name>.debug_line</name>
         <load_address>0x6177</load_address>
         <run_address>0x6177</run_address>
         <size>0x44</size>
         <input_file_ref idref="fl-2c"/>
      </object_component>
      <object_component id="oc-c8">
         <name>.debug_line</name>
         <load_address>0x61bb</load_address>
         <run_address>0x61bb</run_address>
         <size>0x37</size>
         <input_file_ref idref="fl-2d"/>
      </object_component>
      <object_component id="oc-ce">
         <name>.debug_line</name>
         <load_address>0x61f2</load_address>
         <run_address>0x61f2</run_address>
         <size>0x57</size>
         <input_file_ref idref="fl-2e"/>
      </object_component>
      <object_component id="oc-d4">
         <name>.debug_line</name>
         <load_address>0x6249</load_address>
         <run_address>0x6249</run_address>
         <size>0x328</size>
         <input_file_ref idref="fl-2f"/>
      </object_component>
      <object_component id="oc-d8">
         <name>.debug_line</name>
         <load_address>0x6571</load_address>
         <run_address>0x6571</run_address>
         <size>0x41</size>
         <input_file_ref idref="fl-30"/>
      </object_component>
      <object_component id="oc-dc">
         <name>.debug_line</name>
         <load_address>0x65b2</load_address>
         <run_address>0x65b2</run_address>
         <size>0x46</size>
         <input_file_ref idref="fl-31"/>
      </object_component>
      <object_component id="oc-e0">
         <name>.debug_line</name>
         <load_address>0x65f8</load_address>
         <run_address>0x65f8</run_address>
         <size>0x55</size>
         <input_file_ref idref="fl-32"/>
      </object_component>
      <object_component id="oc-e4">
         <name>.debug_line</name>
         <load_address>0x664d</load_address>
         <run_address>0x664d</run_address>
         <size>0xad</size>
         <input_file_ref idref="fl-33"/>
      </object_component>
      <object_component id="oc-ef">
         <name>.debug_line</name>
         <load_address>0x66fa</load_address>
         <run_address>0x66fa</run_address>
         <size>0x44</size>
         <input_file_ref idref="fl-36"/>
      </object_component>
      <object_component id="oc-f3">
         <name>.debug_line</name>
         <load_address>0x673e</load_address>
         <run_address>0x673e</run_address>
         <size>0x56</size>
         <input_file_ref idref="fl-37"/>
      </object_component>
      <object_component id="oc-f8">
         <name>.debug_line</name>
         <load_address>0x6794</load_address>
         <run_address>0x6794</run_address>
         <size>0xa8</size>
         <input_file_ref idref="fl-38"/>
      </object_component>
      <object_component id="oc-fc">
         <name>.debug_line</name>
         <load_address>0x683c</load_address>
         <run_address>0x683c</run_address>
         <size>0x3a</size>
         <input_file_ref idref="fl-39"/>
      </object_component>
      <object_component id="oc-100">
         <name>.debug_line</name>
         <load_address>0x6876</load_address>
         <run_address>0x6876</run_address>
         <size>0x38</size>
         <input_file_ref idref="fl-3a"/>
      </object_component>
      <object_component id="oc-104">
         <name>.debug_line</name>
         <load_address>0x68ae</load_address>
         <run_address>0x68ae</run_address>
         <size>0xa8</size>
         <input_file_ref idref="fl-3b"/>
      </object_component>
      <object_component id="oc-10a">
         <name>.debug_line</name>
         <load_address>0x6956</load_address>
         <run_address>0x6956</run_address>
         <size>0x1b0</size>
         <input_file_ref idref="fl-3c"/>
      </object_component>
      <object_component id="oc-10e">
         <name>.debug_line</name>
         <load_address>0x6b06</load_address>
         <run_address>0x6b06</run_address>
         <size>0x40</size>
         <input_file_ref idref="fl-3d"/>
      </object_component>
      <object_component id="oc-112">
         <name>.debug_line</name>
         <load_address>0x6b46</load_address>
         <run_address>0x6b46</run_address>
         <size>0x3c</size>
         <input_file_ref idref="fl-3e"/>
      </object_component>
      <object_component id="oc-116">
         <name>.debug_line</name>
         <load_address>0x6b82</load_address>
         <run_address>0x6b82</run_address>
         <size>0x4d</size>
         <input_file_ref idref="fl-3f"/>
      </object_component>
      <object_component id="oc-11a">
         <name>.debug_line</name>
         <load_address>0x6bcf</load_address>
         <run_address>0x6bcf</run_address>
         <size>0x3c</size>
         <input_file_ref idref="fl-40"/>
      </object_component>
      <object_component id="oc-11e">
         <name>.debug_line</name>
         <load_address>0x6c0b</load_address>
         <run_address>0x6c0b</run_address>
         <size>0x37</size>
         <input_file_ref idref="fl-41"/>
      </object_component>
      <object_component id="oc-123">
         <name>.debug_line</name>
         <load_address>0x6c42</load_address>
         <run_address>0x6c42</run_address>
         <size>0x15d</size>
         <input_file_ref idref="fl-42"/>
      </object_component>
      <object_component id="oc-129">
         <name>.debug_line</name>
         <load_address>0x6d9f</load_address>
         <run_address>0x6d9f</run_address>
         <size>0x6a</size>
         <input_file_ref idref="fl-43"/>
      </object_component>
      <object_component id="oc-12d">
         <name>.debug_line</name>
         <load_address>0x6e09</load_address>
         <run_address>0x6e09</run_address>
         <size>0x58</size>
         <input_file_ref idref="fl-44"/>
      </object_component>
      <object_component id="oc-131">
         <name>.debug_line</name>
         <load_address>0x6e61</load_address>
         <run_address>0x6e61</run_address>
         <size>0x57</size>
         <input_file_ref idref="fl-45"/>
      </object_component>
      <object_component id="oc-135">
         <name>.debug_line</name>
         <load_address>0x6eb8</load_address>
         <run_address>0x6eb8</run_address>
         <size>0x3c</size>
         <input_file_ref idref="fl-46"/>
      </object_component>
[...]
      <symbol id="sm-43a">
         <name>_I2C_read</name>
         <value>0x21cc6</value>
         <object_component_ref idref="oc-7c"/>
      </symbol>
      <symbol id="sm-43b">
         <name>_I2C_eventDisable</name>
         <value>0x22018</value>
         <object_component_ref idref="oc-7c"/>
      </symbol>
      <symbol id="sm-43c">
         <name>_I2C_getEventId</name>
         <value>0x221c4</value>
         <object_component_ref idref="oc-7c"/>
      </symbol>
      <symbol id="sm-43d">
         <name>_i2cHandle</name>
         <value>0x527c</value>
         <object_component_ref idref="oc-7d"/>
      </symbol>
      <symbol id="sm-482">
         <name>_GPIO_write</name>
         <value>0x240c1</value>
         <object_component_ref idref="oc-82"/>
      </symbol>
      <symbol id="sm-483">
         <name>_GPIO_read</name>
         <value>0x2403e</value>
         <object_component_ref idref="oc-82"/>
      </symbol>
      <symbol id="sm-484">
         <name>_GPIO_close</name>
         <value>0x23f0d</value>
         <object_component_ref idref="oc-82"/>
      </symbol>
      <symbol id="sm-485">
         <name>_GPIO_enableInt</name>
         <value>0x2432a</value>
         <object_component_ref idref="oc-82"/>
      </symbol>
      <symbol id="sm-486">
         <name>_GPIO_clearInt</name>
         <value>0x243b4</value>
         <object_component_ref idref="oc-82"/>
      </symbol>
      <symbol id="sm-487">
         <name>_GPIO_statusBit</name>
         <value>0x24440</value>
         <object_component_ref idref="oc-82"/>
      </symbol>
      <symbol id="sm-488">
         <name>_GPIO_configBit</name>
         <value>0x24164</value>
         <object_component_ref idref="oc-82"/>
      </symbol>
      <symbol id="sm-489">
         <name>_GPIO_reset</name>
         <value>0x244c7</value>
         <object_component_ref idref="oc-82"/>
      </symbol>
      <symbol id="sm-48a">
         <name>_GPIO_getConfig</name>
         <value>0x23fb6</value>
         <object_component_ref idref="oc-82"/>
      </symbol>
      <symbol id="sm-48b">
         <name>_GPIO_disableInt</name>
         <value>0x242ac</value>
         <object_component_ref idref="oc-82"/>
      </symbol>
      <symbol id="sm-48c">
         <name>_GPIO_config</name>
         <value>0x23f31</value>
         <object_component_ref idref="oc-82"/>
      </symbol>
      <symbol id="sm-48d">
         <name>_GPIO_open</name>
         <value>0x23ec9</value>
         <object_component_ref idref="oc-82"/>
      </symbol>
      <symbol id="sm-497">
         <name>__addd</name>
         <value>0x2717a</value>
         <object_component_ref idref="oc-87"/>
      </symbol>
      <symbol id="sm-4a3">
         <name>__sysstack</name>
         <value>0x20c0</value>
         <object_component_ref idref="oc-158"/>
      </symbol>
      <symbol id="sm-4a4">
         <name>_c_int00</name>
         <value>0x28ca8</value>
         <object_component_ref idref="oc-10"/>
      </symbol>
      <symbol id="sm-4a5">
         <name>__stack</name>
         <value>0xc0</value>
         <object_component_ref idref="oc-8b"/>
      </symbol>
      <symbol id="sm-4b1">
         <name>__divd</name>
         <value>0x25f7f</value>
         <object_component_ref idref="oc-8f"/>
      </symbol>
      <symbol id="sm-4bc">
         <name>__divul</name>
         <value>0x28314</value>
         <object_component_ref idref="oc-93"/>
      </symbol>
      <symbol id="sm-4cc">
         <name>C$$EXIT</name>
         <value>0x28dd2</value>
         <object_component_ref idref="oc-9b"/>
      </symbol>
      <symbol id="sm-4cd">
         <name>_exit</name>
         <value>0x28c2e</value>
         <object_component_ref idref="oc-97"/>
      </symbol>
      <symbol id="sm-4ce">
         <name>_abort</name>
         <value>0x28dd1</value>
         <object_component_ref idref="oc-9b"/>
      </symbol>
      <symbol id="sm-4cf">
         <name>__cleanup_ptr</name>
         <value>0x52ac</value>
         <object_component_ref idref="oc-98"/>
      </symbol>
      <symbol id="sm-4d0">
         <name>__dtors_ptr</name>
         <value>0x52b0</value>
         <object_component_ref idref="oc-98"/>
      </symbol>
      <symbol id="sm-4da">
         <name>__fixdi</name>
         <value>0x28cdc</value>
         <object_component_ref idref="oc-9e"/>
      </symbol>
      <symbol id="sm-4e4">
         <name>__fixdli</name>
         <value>0x287a9</value>
         <object_component_ref idref="oc-a2"/>
      </symbol>
      <symbol id="sm-4ee">
         <name>__frcmpyd_div</name>
         <value>0x286c4</value>
         <object_component_ref idref="oc-a6"/>
      </symbol>
      <symbol id="sm-4f6">
         <name>__remi</name>
         <value>0x28c8b</value>
         <object_component_ref idref="oc-aa"/>
      </symbol>
      <symbol id="sm-4f7">
         <name>__divi</name>
         <value>0x28c6c</value>
         <object_component_ref idref="oc-aa"/>
      </symbol>
      <symbol id="sm-4f8">
         <name>I$$MOD</name>
         <value>0x28c8b</value>
         <object_component_ref idref="oc-aa"/>
      </symbol>
      <symbol id="sm-4f9">
         <name>I$$DIV</name>
         <value>0x28c6c</value>
         <object_component_ref idref="oc-aa"/>
      </symbol>
      <symbol id="sm-501">
         <name>__mpyli</name>
         <value>0x28d81</value>
         <object_component_ref idref="oc-ae"/>
      </symbol>
      <symbol id="sm-502">
         <name>I$$LMPY</name>
         <value>0x28d81</value>
         <object_component_ref idref="oc-ae"/>
      </symbol>
      <symbol id="sm-50c">
         <name>_memset</name>
         <value>0x28da6</value>
         <object_component_ref idref="oc-b2"/>
      </symbol>
      <symbol id="sm-516">
         <name>__mpyd</name>
         <value>0x27a2d</value>
         <object_component_ref idref="oc-b6"/>
      </symbol>
      <symbol id="sm-520">
         <name>__negd</name>
         <value>0x28db7</value>
         <object_component_ref idref="oc-ba"/>
      </symbol>
      <symbol id="sm-52a">
         <name>_printf</name>
         <value>0x28a74</value>
         <object_component_ref idref="oc-be"/>
      </symbol>
      <symbol id="sm-535">
         <name>__remul</name>
         <value>0x28737</value>
         <object_component_ref idref="oc-c2"/>
      </symbol>
      <symbol id="sm-53f">
         <name>_Reset</name>
         <value>0x4ff00</value>
         <object_component_ref idref="oc-11"/>
      </symbol>
      <symbol id="sm-54d">
         <name>__unlock</name>
         <value>0x52a8</value>
         <object_component_ref idref="oc-cb"/>
      </symbol>
      <symbol id="sm-54e">
         <name>__lock</name>
         <value>0x52a4</value>
         <object_component_ref idref="oc-cb"/>
      </symbol>
      <symbol id="sm-54f">
         <name>__register_lock</name>
         <value>0x28d9c</value>
         <object_component_ref idref="oc-ca"/>
      </symbol>
      <symbol id="sm-550">
         <name>__nop</name>
         <value>0x28da4</value>
         <object_component_ref idref="oc-ca"/>
      </symbol>
      <symbol id="sm-551">
         <name>__register_unlock</name>
         <value>0x28d94</value>
         <object_component_ref idref="oc-ca"/>
      </symbol>
      <symbol id="sm-563">
         <name>__printfi</name>
         <value>0x21362</value>
         <object_component_ref idref="oc-d0"/>
      </symbol>
      <symbol id="sm-56d">
         <name>__args_main</name>
         <value>0x28b11</value>
         <object_component_ref idref="oc-d6"/>
      </symbol>
      <symbol id="sm-56e">
         <name>__TI_args_main</name>
         <value>0x1</value>
      </symbol>
      <symbol id="sm-578">
         <name>_atoi</name>
         <value>0x289c4</value>
         <object_component_ref idref="oc-da"/>
      </symbol>
      <symbol id="sm-580">
         <name>_auto_init</name>
         <value>0x28ac4</value>
         <object_component_ref idref="oc-de"/>
      </symbol>
      <symbol id="sm-58a">
         <name>__eqld</name>
         <value>0x27532</value>
         <object_component_ref idref="oc-e2"/>
      </symbol>
      <symbol id="sm-58b">
         <name>__cmpd</name>
         <value>0x27566</value>
         <object_component_ref idref="oc-e2"/>
      </symbol>
      <symbol id="sm-58c">
         <name>__neqd</name>
         <value>0x273d4</value>
         <object_component_ref idref="oc-e2"/>
      </symbol>
      <symbol id="sm-58d">
         <name>__gtrd</name>
         <value>0x2749d</value>
         <object_component_ref idref="oc-e2"/>
      </symbol>
      <symbol id="sm-58e">
         <name>__geqd</name>
         <value>0x274e8</value>
         <object_component_ref idref="oc-e2"/>
      </symbol>
      <symbol id="sm-58f">
         <name>__leqd</name>
         <value>0x27450</value>
         <object_component_ref idref="oc-e2"/>
      </symbol>
      <symbol id="sm-590">
         <name>__lssd</name>
         <value>0x27408</value>
         <object_component_ref idref="oc-e2"/>
      </symbol>
      <symbol id="sm-598">
         <name>__ctypes_</name>
         <value>0x75a4</value>
         <object_component_ref idref="oc-15c"/>
      </symbol>
      <symbol id="sm-5a2">
         <name>__tmpnams</name>
         <value>0x4d38</value>
         <object_component_ref idref="oc-e8"/>
      </symbol>
      <symbol id="sm-5a3">
         <name>__ft_end</name>
         <value>0x4e78</value>
         <object_component_ref idref="oc-e8"/>
      </symbol>
      <symbol id="sm-5a4">
         <name>__ftable</name>
         <value>0x4c48</value>
         <object_component_ref idref="oc-e8"/>
      </symbol>
      <symbol id="sm-5b0">
         <name>__fltlid</name>
         <value>0x2895d</value>
         <object_component_ref idref="oc-ec"/>
      </symbol>
      <symbol id="sm-5ba">
         <name>_putchar</name>
         <value>0x28305</value>
         <object_component_ref idref="oc-f1"/>
      </symbol>
      <symbol id="sm-5bb">
         <name>_putc</name>
         <value>0x2826e</value>
         <object_component_ref idref="oc-f1"/>
      </symbol>
      <symbol id="sm-5bc">
         <name>_fputc</name>
         <value>0x2826e</value>
         <object_component_ref idref="oc-f1"/>
      </symbol>
      <symbol id="sm-5ca">
         <name>_puts</name>
         <value>0x279ff</value>
         <object_component_ref idref="oc-f5"/>
      </symbol>
      <symbol id="sm-5cb">
         <name>_fputs</name>
         <value>0x278ca</value>
         <object_component_ref idref="oc-f5"/>
      </symbol>
      <symbol id="sm-5d5">
         <name>__frcmpyd</name>
         <value>0x2864e</value>
         <object_component_ref idref="oc-fa"/>
      </symbol>
      <symbol id="sm-5df">
         <name>___isinf</name>
         <value>0x28d53</value>
         <object_component_ref idref="oc-fe"/>
      </symbol>
      <symbol id="sm-5e9">
         <name>__divull</name>
         <value>0x27051</value>
         <object_component_ref idref="oc-102"/>
      </symbol>
      <symbol id="sm-5ea">
         <name>__mpylli</name>
         <value>0x26f99</value>
         <object_component_ref idref="oc-102"/>
      </symbol>
      <symbol id="sm-5eb">
         <name>__remlli</name>
         <value>0x26f6a</value>
         <object_component_ref idref="oc-102"/>
      </symbol>
      <symbol id="sm-5ec">
         <name>__divlli</name>
         <value>0x27145</value>
         <object_component_ref idref="oc-102"/>
      </symbol>
      <symbol id="sm-5ed">
         <name>__remull</name>
         <value>0x26f1c</value>
         <object_component_ref idref="oc-102"/>
      </symbol>
      <symbol id="sm-5ff">
         <name>_add_device</name>
         <value>0x254b2</value>
         <object_component_ref idref="oc-106"/>
      </symbol>
      <symbol id="sm-600">
         <name>_rename</name>
         <value>0x251d4</value>
         <object_component_ref idref="oc-106"/>
      </symbol>
      <symbol id="sm-601">
         <name>_read</name>
         <value>0x25263</value>
         <object_component_ref idref="oc-106"/>
      </symbol>
      <symbol id="sm-602">
         <name>_unlink</name>
         <value>0x251a1</value>
         <object_component_ref idref="oc-106"/>
      </symbol>
      <symbol id="sm-603">
         <name>_remove_device</name>
         <value>0x2522d</value>
         <object_component_ref idref="oc-106"/>
      </symbol>
      <symbol id="sm-604">
         <name>_open</name>
         <value>0x25311</value>
         <object_component_ref idref="oc-106"/>
      </symbol>
      <symbol id="sm-605">
         <name>_find_registered_device</name>
         <value>0x25436</value>
         <object_component_ref idref="oc-106"/>
      </symbol>
      <symbol id="sm-606">
         <name>_lseek</name>
         <value>0x253d0</value>
         <object_component_ref idref="oc-106"/>
      </symbol>
      <symbol id="sm-607">
         <name>_close</name>
         <value>0x2543f</value>
         <object_component_ref idref="oc-106"/>
      </symbol>
      <symbol id="sm-608">
         <name>_write</name>
         <value>0x2505f</value>
         <object_component_ref idref="oc-106"/>
      </symbol>
      <symbol id="sm-612">
         <name>_ltoa</name>
         <value>0x28556</value>
         <object_component_ref idref="oc-10c"/>
      </symbol>
      <symbol id="sm-61d">
         <name>_memccpy</name>
         <value>0x28d30</value>
         <object_component_ref idref="oc-110"/>
      </symbol>
      <symbol id="sm-625">
         <name>_memcpy</name>
         <value>0x28bef</value>
         <object_component_ref idref="oc-114"/>
      </symbol>
      <symbol id="sm-62f">
         <name>__remli</name>
         <value>0x28b5c</value>
         <object_component_ref idref="oc-118"/>
      </symbol>
      <symbol id="sm-639">
         <name>__subd</name>
         <value>0x28d6d</value>
         <object_component_ref idref="oc-11c"/>
      </symbol>
      <symbol id="sm-645">
         <name>_HOSTopen</name>
         <value>0x258ad</value>
         <object_component_ref idref="oc-120"/>
      </symbol>
      <symbol id="sm-646">
         <name>_HOSTread</name>
         <value>0x25820</value>
         <object_component_ref idref="oc-120"/>
      </symbol>
      <symbol id="sm-647">
         <name>_HOSTtime</name>
         <value>0x25714</value>
         <object_component_ref idref="oc-120"/>
      </symbol>
      <symbol id="sm-648">
         <name>_getenv</name>
         <value>0x255a2</value>
         <object_component_ref idref="oc-120"/>
      </symbol>
      <symbol id="sm-649">
         <name>_HOSTrename</name>
         <value>0x25772</value>
         <object_component_ref idref="oc-120"/>
      </symbol>
      <symbol id="sm-64a">
         <name>_HOSTclock</name>
         <value>0x25a6c</value>
         <object_component_ref idref="oc-120"/>
      </symbol>
      <symbol id="sm-64b">
         <name>_HOSTwrite</name>
         <value>0x2561d</value>
         <object_component_ref idref="oc-120"/>
      </symbol>
      <symbol id="sm-64c">
         <name>_HOSTlseek</name>
         <value>0x2594c</value>
         <object_component_ref idref="oc-120"/>
      </symbol>
      <symbol id="sm-64d">
         <name>_HOSTunlink</name>
         <value>0x256aa</value>
         <object_component_ref idref="oc-120"/>
      </symbol>
      <symbol id="sm-64e">
         <name>_HOSTclose</name>
         <value>0x25a01</value>
         <object_component_ref idref="oc-120"/>
      </symbol>
      <symbol id="sm-660">
         <name>C$$IO$$</name>
         <value>0x28269</value>
         <object_component_ref idref="oc-128"/>
      </symbol>
      <symbol id="sm-661">
         <name>__CIOBUF_</name>
         <value>0x40000</value>
         <object_component_ref idref="oc-127"/>
      </symbol>
      <symbol id="sm-662">
         <name>_readmsg</name>
         <value>0x28885</value>
         <object_component_ref idref="oc-125"/>
      </symbol>
      <symbol id="sm-663">
         <name>_writemsg</name>
         <value>0x281b4</value>
         <object_component_ref idref="oc-128"/>
      </symbol>
      <symbol id="sm-66b">
         <name>__remu</name>
         <value>0x28d1b</value>
         <object_component_ref idref="oc-12b"/>
      </symbol>
      <symbol id="sm-66c">
         <name>__divu</name>
         <value>0x28d06</value>
         <object_component_ref idref="oc-12b"/>
      </symbol>
      <symbol id="sm-66d">
         <name>I$$UMOD</name>
         <value>0x28d1b</value>
         <object_component_ref idref="oc-12b"/>
      </symbol>
      <symbol id="sm-66e">
         <name>I$$UDIV</name>
         <value>0x28d06</value>
         <object_component_ref idref="oc-12b"/>
      </symbol>
      <symbol id="sm-678">
         <name>__rd_ok</name>
         <value>0x27f06</value>
         <object_component_ref idref="oc-12f"/>
      </symbol>
      <symbol id="sm-679">
         <name>__wrt_ok</name>
         <value>0x27e86</value>
         <object_component_ref idref="oc-12f"/>
      </symbol>
      <symbol id="sm-683">
         <name>__divli</name>
         <value>0x28ba7</value>
         <object_component_ref idref="oc-133"/>
      </symbol>
      <symbol id="sm-68d">
         <name>__doflush</name>
         <value>0x280f2</value>
         <object_component_ref idref="oc-137"/>
      </symbol>
      <symbol id="sm-68e">
         <name>_fflush</name>
         <value>0x2815b</value>
         <object_component_ref idref="oc-137"/>
      </symbol>
      <symbol id="sm-698">
         <name>_fseek</name>
         <value>0x288f2</value>
         <object_component_ref idref="oc-13b"/>
      </symbol>
      <symbol id="sm-6a2">
         <name>_setvbuf</name>
         <value>0x27da0</value>
         <object_component_ref idref="oc-13f"/>
      </symbol>
      <symbol id="sm-6b1">
         <name>__cleanup</name>
         <value>0x26dbe</value>
         <object_component_ref idref="oc-143"/>
      </symbol>
      <symbol id="sm-6b2">
         <name>_fopen</name>
         <value>0x26ee1</value>
         <object_component_ref idref="oc-143"/>
      </symbol>
      <symbol id="sm-6b3">
         <name>_freopen</name>
         <value>0x26e18</value>
         <object_component_ref idref="oc-143"/>
      </symbol>
      <symbol id="sm-6c3">
         <name>__sys_memory</name>
         <value>0x52bc</value>
         <object_component_ref idref="oc-14d"/>
      </symbol>
      <symbol id="sm-6c4">
         <name>_chkheap</name>
         <value>0x25f51</value>
         <object_component_ref idref="oc-149"/>
      </symbol>
      <symbol id="sm-6c5">
         <name>_realloc</name>
         <value>0x25cf0</value>
         <object_component_ref idref="oc-149"/>
      </symbol>
      <symbol id="sm-6c6">
         <name>_free_memory</name>
         <value>0x25efb</value>
         <object_component_ref idref="oc-149"/>
      </symbol>
      <symbol id="sm-6c7">
         <name>_max_free</name>
         <value>0x25ea1</value>
         <object_component_ref idref="oc-149"/>
      </symbol>
      <symbol id="sm-6c8">
         <name>_free</name>
         <value>0x25aca</value>
         <object_component_ref idref="oc-149"/>
      </symbol>
      <symbol id="sm-6c9">
         <name>_calloc</name>
         <value>0x25f59</value>
         <object_component_ref idref="oc-149"/>
      </symbol>
      <symbol id="sm-6ca">
         <name>_malloc</name>
         <value>0x25bfb</value>
         <object_component_ref idref="oc-149"/>
      </symbol>
      <symbol id="sm-6cb">
         <name>_minit</name>
         <value>0x25b96</value>
         <object_component_ref idref="oc-149"/>
      </symbol>
      <symbol id="sm-6d5">
         <name>_fclose</name>
         <value>0x285d3</value>
         <object_component_ref idref="oc-150"/>
      </symbol>
      <symbol id="sm-6df">
         <name>_remove</name>
         <value>0x28dc7</value>
         <object_component_ref idref="oc-154"/>
      </symbol>
   </symbol_table>
</link_info>
